Renesas Optimizing Linker (W3.02.00 )             27-Nov-2020 17:03:07

*** Options ***

-MAKEUD=DefaultBuild\172CAN_2.lk.ud
-subcommand=DefaultBuild\172CAN_2.clnk
-library=DefaultBuild\172CAN_2.lib
-input=DefaultBuild\r_cg_hardware_setup.obj
-input=DefaultBuild\r_smc_cgc.obj
-input=DefaultBuild\r_smc_cgc_user.obj
-input=DefaultBuild\r_smc_interrupt.obj
-input=DefaultBuild\hwsetup.obj
-input=DefaultBuild\dbsct.obj
-input=DefaultBuild\lowlvl.obj
-input=DefaultBuild\lowsrc.obj
-input=DefaultBuild\mcu_locks.obj
-input=DefaultBuild\resetprg.obj
-input=DefaultBuild\r_bsp_common.obj
-input=DefaultBuild\r_bsp_cpu.obj
-input=DefaultBuild\r_bsp_interrupts.obj
-input=DefaultBuild\r_bsp_locking.obj
-input=DefaultBuild\r_bsp_mcu_startup.obj
-input=DefaultBuild\r_bsp_software_interrupt.obj
-input=DefaultBuild\r_rx_intrinsic_functions.obj
-input=DefaultBuild\sbrk.obj
-input=DefaultBuild\mcu_clocks.obj
-input=DefaultBuild\mcu_init.obj
-input=DefaultBuild\mcu_interrupts.obj
-input=DefaultBuild\mcu_mapped_interrupts.obj
-input=DefaultBuild\vecttbl.obj
-input=DefaultBuild\Pin.obj
-input=DefaultBuild\r_can_rx.obj
-input=DefaultBuild\switches.obj
-input=DefaultBuild\can_api_demo.obj
-noprelink
-output=DefaultBuild\172CAN_2.abs
-vect=_undefined_interrupt_source_isr
-list=DefaultBuild\172CAN_2.map
-nooptimize
-start=SU,SI,B_1,R_1,B_2,R_2,B,R/4,C_1,C_2,C,C$*,D*,W*,L,P*/FFC00000,EXCEPTVECT/FFFFFF80,RESETVECT/FFFFFFFC
-rom=D=R,D_1=R_1,D_2=R_2
-nologo
-end

*** Error information ***

*** Mapping List ***

SECTION                            START      END         SIZE   ALIGN
SU
                                  00000004  00001003      1000   4
SI
                                  00001004  00001403       400   4
B_1
                                  00001404  00001437        34   1
R_1
                                  00001438  00001489        52   1
B_2
                                  0000148a  00001491         8   2
R_2
                                  00001492  00001492         0   1
B
                                  00001494  00001d77       8e4   4
R
                                  00001d78  0000200b       294   4
$ADDR_C_120040
                                  00120040  00120043         4   1
$ADDR_C_120048
                                  00120048  0012004b         4   1
$ADDR_C_120050
                                  00120050  0012006f        20   1
C_1
                                  ffc00000  ffc000d1        d2   1
C_2
                                  ffc000d2  ffc002d9       208   2
C
                                  ffc002dc  ffc0049f       1c4   4
C$DSEC
                                  ffc004a0  ffc004c3        24   4
C$BSEC
                                  ffc004c4  ffc004db        18   4
C$VECT
                                  ffc004dc  ffc008db       400   4
D
                                  ffc008dc  ffc00b6f       294   4
D_1
                                  ffc00b70  ffc00bc1        52   1
D_2
                                  ffc00bc2  ffc00bc2         0   1
W
                                  ffc00bc4  ffc00bc4         0   4
W_1
                                  ffc00bc4  ffc00be0        1d   1
W_2
                                  ffc00be2  ffc00be2         0   2
L
                                  ffc00be4  ffc00e34       251   4
P
                                  ffc00e35  ffc0526a      4436   1
EXCEPTVECT
                                  ffffff80  fffffffb        7c   4
RESETVECT
                                  fffffffc  ffffffff         4   4
